Microchip MPLAB XC8 Compiler V2.45

Linker command line:

-W-3 \
  --edf=C:\Program Files\Microchip\xc8\v2.45\pic\dat\20230818022343_en.msgs \
  -cn -h+dist/default/debug\RTC.X.debug.sym \
  --cmf=dist/default/debug\RTC.X.debug.cmf -z -Q18F4620 \
  -oC:\Users\laphouse\AppData\Local\Temp\xcBsffo.1\driver_tmp_3.o \
  --defsym=__MPLAB_BUILD=1 --fixupoverflow=error \
  -Mdist/default/debug/RTC.X.debug.map \
  --md=C:\Users\laphouse\AppData\Local\Temp\xcBsffo.1\driver_tmp_0.dat -E1 \
  -ver=XC8 Compiler --acfsm=1493 -ACODE=00h-0FFFFh -ACONST=00h-0FFFFh \
  -ASMALLCONST=01000h-010FFhx240 -AMEDIUMCONST=01000h-0FFFFh \
  -ACOMRAM=01h-07Fh -AABS1=00h-0F7Fh -ABIGRAM=01h-0F7Fh \
  -ARAM=080h-0FFh,0100h-01FFhx14,0F00h-0F7Fh -ABANK0=080h-0FFh \
  -ABANK1=0100h-01FFh -ABANK2=0200h-02FFh -ABANK3=0300h-03FFh \
  -ABANK4=0400h-04FFh -ABANK5=0500h-05FFh -ABANK6=0600h-06FFh \
  -ABANK7=0700h-07FFh -ABANK8=0800h-08FFh -ABANK9=0900h-09FFh \
  -ABANK10=0A00h-0AFFh -ABANK11=0B00h-0BFFh -ABANK12=0C00h-0CFFh \
  -ABANK13=0D00h-0DFFh -ABANK14=0E00h-0EFFh -ABANK15=0F00h-0F7Fh \
  -ASFR=0F80h-0FFFh -ABIGSFR=0F80h-0FFFh -ACONFIG=0300000h-030000Dh \
  -AIDLOC=0200000h-0200007h -AEEDATA=0F00000h-0F003FFh -peeprom_data=EEDATA \
  -preset_vec=00h,intcode=08h,intcodelo,powerup,init -pramtop=01000h \
  -psmallconst=SMALLCONST -pmediumconst=MEDIUMCONST -pconst=CONST \
  -AFARRAM=00h-00h \
  -prdata=COMRAM,nvrram=COMRAM,nvbit=COMRAM,rbss=COMRAM,rbit=COMRAM \
  -pfarbss=FARRAM,fardata=FARRAM,nvFARRAM=FARRAM \
  -pintsave_regs=BIGRAM,bigbss=BIGRAM,bigdata=BIGRAM -pbss=RAM \
  -pidata=CODE,irdata=CODE,ibigdata=CODE,ifardata=CODE -prparam=COMRAM \
  C:\Users\laphouse\AppData\Local\Temp\xcBsffo.1\driver_tmp_9.o \
  dist/default/debug\RTC.X.debug.o 

Object code version is 3.11

Machine type is 18F4620



                Name                               Link     Load   Length Selector   Space Scale
C:\Users\laphouse\AppData\Local\Temp\xcBsffo.1\driver_tmp_9.o
                init                                  E        E        4        4       0
                reset_vec                             0        0        4        0       0
dist/default/debug\RTC.X.debug.o
                intcode                               8        8        6        4       0
                temp                                 7A       7A        1        1       1
                smallconst                         1000     1000       38      800       0
                text32                             2404     2404        4      81C       0
                text31                             2400     2400        4      81C       0
                text30                             23FC     23FC        4      81C       0
                text29                             23C8     23C8       1A      81C       0
                text28                             23AE     23AE       1A      81C       0
                text27                             2394     2394       1A      81C       0
                text26                             237A     237A       1A      81C       0
                text25                             23F8     23F8        4      81C       0
                text24                             2344     2344       36      81C       0
                text23                             23E2     23E2        C      81C       0
                intcode_body                       1038     1038      2D6      81C       0
                text21                             2050     2050       76      81C       0
                text20                             22D4     22D4       3A      81C       0
                text19                             2186     2186       52      81C       0
                text18                             1E50     1E50       8E      81C       0
                text17                             1AD0     1AD0       C4      81C       0
                text16                             1CFC     1CFC       B0      81C       0
                text15                             229A     229A       3A      81C       0
                text14                             2260     2260       3A      81C       0
                text13                             1DAC     1DAC       A4      81C       0
                text12                             18E2     18E2      110      81C       0
                text11                             19F2     19F2       DE      81C       0
                text10                             17BC     17BC      126      81C       0
                text9                              1EDE     1EDE       86      81C       0
                text8                              2222     2222       3E      81C       0
                text7                              1FDA     1FDA       76      81C       0
                text6                              156C     156C      250      81C       0
                text5                              1F64     1F64       76      81C       0
                text4                              20C6     20C6       6A      81C       0
                text3                              1C4C     1C4C       B0      81C       0
                text2                              21D8     21D8       4A      81C       0
                text1                              1B94     1B94       B8      81C       0
                text0                              130E     130E      25E      81C       0
                cstackCOMRAM                         59       59       20        1       1
                dataBANK0                            80       80        A       80       1
                dataCOMRAM                            1        1       36        1       1
                bssCOMRAM                            37       37       22        1       1
                cinit                              2130     2130       56      81C       0
                nvCOMRAM                             79       79        1        1       1
                idataBANK0                         23EE     23EE        A      81C       0
                idataCOMRAM                        230E     230E       36      81C       0

TOTAL           Name                               Link     Load   Length     Space
        CLASS   CODE           
                intcode                               8        8        6         0
                init                                  E        E        4         0
                reset_vec                             0        0        4         0
                text32                             2404     2404        4         0
                text31                             2400     2400        4         0
                text30                             23FC     23FC        4         0
                text29                             23C8     23C8       1A         0
                text28                             23AE     23AE       1A         0
                text27                             2394     2394       1A         0
                text26                             237A     237A       1A         0
                text25                             23F8     23F8        4         0
                text24                             2344     2344       36         0
                text23                             23E2     23E2        C         0
                intcode_body                       1038     1038      2D6         0
                text21                             2050     2050       76         0
                text20                             22D4     22D4       3A         0
                text19                             2186     2186       52         0
                text18                             1E50     1E50       8E         0
                text17                             1AD0     1AD0       C4         0
                text16                             1CFC     1CFC       B0         0
                text15                             229A     229A       3A         0
                text14                             2260     2260       3A         0
                text13                             1DAC     1DAC       A4         0
                text12                             18E2     18E2      110         0
                text11                             19F2     19F2       DE         0
                text10                             17BC     17BC      126         0
                text9                              1EDE     1EDE       86         0
                text8                              2222     2222       3E         0
                text7                              1FDA     1FDA       76         0
                text6                              156C     156C      250         0
                text5                              1F64     1F64       76         0
                text4                              20C6     20C6       6A         0
                text3                              1C4C     1C4C       B0         0
                text2                              21D8     21D8       4A         0
                text1                              1B94     1B94       B8         0
                text0                              130E     130E      25E         0
                cinit                              2130     2130       56         0
                idataBANK0                         23EE     23EE        A         0
                idataCOMRAM                        230E     230E       36         0

        CLASS   CONST          

        CLASS   SMALLCONST     
                smallconst                         1000     1000       38         0

        CLASS   MEDIUMCONST    

        CLASS   COMRAM         
                temp                                 7A       7A        1         1
                cstackCOMRAM                         59       59       20         1
                dataCOMRAM                            1        1       36         1
                bssCOMRAM                            37       37       22         1
                nvCOMRAM                             79       79        1         1

        CLASS   ABS1           

        CLASS   BIGRAM         

        CLASS   RAM            

        CLASS   BANK0          
                dataBANK0                            80       80        A         1

        CLASS   BANK1          

        CLASS   BANK2          

        CLASS   BANK3          

        CLASS   BANK4          

        CLASS   BANK5          

        CLASS   BANK6          

        CLASS   BANK7          

        CLASS   BANK8          

        CLASS   BANK9          

        CLASS   BANK10         

        CLASS   BANK11         

        CLASS   BANK12         

        CLASS   BANK13         

        CLASS   BANK14         

        CLASS   BANK15         

        CLASS   SFR            

        CLASS   BIGSFR         

        CLASS   CONFIG         

        CLASS   IDLOC          

        CLASS   EEDATA         

        CLASS   FARRAM         

        CLASS   HEAP           

        CLASS   STACK          



SEGMENTS        Name                           Load    Length   Top    Selector   Space  Class

                reset_vec                      000000  000004  000004         0       0  CODE    
                dataCOMRAM                     000001  00007A  00007B         1       1  COMRAM  
                intcode                        000008  00000A  000012         4       0  CODE    
                dataBANK0                      000080  00000A  00008A        80       1  BANK0   
                smallconst                     001000  000038  001038       800       0  SMALLCON
                intcode_body                   001038  0013D0  002408       81C       0  CODE    


UNUSED ADDRESS RANGES

        Name                Unused          Largest block    Delta
        BANK0            008A-00FF             76
        BANK1            0100-01FF            100
        BANK10           0A00-0AFF            100
        BANK11           0B00-0BFF            100
        BANK12           0C00-0CFF            100
        BANK13           0D00-0DFF            100
        BANK14           0E00-0EFF            100
        BANK15           0F00-0F7F             80
        BANK2            0200-02FF            100
        BANK3            0300-03FF            100
        BANK4            0400-04FF            100
        BANK5            0500-05FF            100
        BANK6            0600-06FF            100
        BANK7            0700-07FF            100
        BANK8            0800-08FF            100
        BANK9            0900-09FF            100
        BIGRAM           007B-007F              5
                         008A-0F7F            EF6
        BIGSFR           0F80-0FFF             80
        CODE             0004-0007              4
                         0012-0FFF            FEE
                         2408-FFFF           DBF8
        COMRAM           007B-007F              5
        CONFIG           300000-30000D              E
        CONST            0004-0007              4
                         0012-0FFF            FEE
                         2408-FFFF           DBF8
        EEDATA           F00000-F003FF            400
        IDLOC            200000-200007              8
        MEDIUMCONST      2408-FFFF           DBF8
        RAM              008A-0F7F            100
        SFR              0F80-0FFF             80
        SMALLCONST       2408-FFFF            100

                                  Symbol Table

?___awdiv                           cstackCOMRAM 005C
?___awmod                           cstackCOMRAM 005C
RB4_ISR@RB4_Source                  cstackCOMRAM 0059
RB5_ISR@RB5_Source                  cstackCOMRAM 0059
RB6_ISR@RB6_Source                  cstackCOMRAM 0059
RB7_ISR@RB7_Source                  cstackCOMRAM 0059
Timer0_Init@ret                     cstackCOMRAM 0061
Timer0_Init@timer                   cstackCOMRAM 005E
Timer0_Mode_Select@timer            cstackCOMRAM 005C
Timer0_Reg_Size@timer               cstackCOMRAM 005C
Timer0_prescaler_config@timer       cstackCOMRAM 005C
_INT0_ISR                           text32       2404
_INT0_InterruptHandler              bssCOMRAM    0053
_INT1_ISR                           text31       2400
_INT1_InterruptHandler              bssCOMRAM    0051
_INT2_ISR                           text30       23FC
_INT2_InterruptHandler              bssCOMRAM    004F
_INTCON2bits                        (abs)        0FF1
_INTCON3bits                        (abs)        0FF0
_INTCONbits                         (abs)        0FF2
_InterruptManager                   intcode      0008
_LATA                               (abs)        0F89
_LATB                               (abs)        0F8A
_LATC                               (abs)        0F8B
_LATD                               (abs)        0F8C
_LATE                               (abs)        0F8D
_PIE1bits                           (abs)        0F9D
_PIR1bits                           (abs)        0F9E
_PORTA                              (abs)        0F80
_PORTB                              (abs)        0F81
_PORTBbits                          (abs)        0F81
_PORTC                              (abs)        0F82
_PORTD                              (abs)        0F83
_PORTE                              (abs)        0F84
_RB4_Flag                           dataCOMRAM   0018
_RB4_ISR                            text29       23C8
_RB4_InterruptHandler_HIGH          bssCOMRAM    004D
_RB4_InterruptHandler_LOW           bssCOMRAM    004B
_RB5_Flag                           dataCOMRAM   0017
_RB5_ISR                            text28       23AE
_RB5_InterruptHandler_HIGH          bssCOMRAM    0049
_RB5_InterruptHandler_LOW           bssCOMRAM    0047
_RB6_Flag                           dataCOMRAM   0016
_RB6_ISR                            text27       2394
_RB6_InterruptHandler_HIGH          bssCOMRAM    0045
_RB6_InterruptHandler_LOW           bssCOMRAM    0043
_RB7_Flag                           dataCOMRAM   0015
_RB7_ISR                            text26       237A
_RB7_InterruptHandler_HIGH          bssCOMRAM    0041
_RB7_InterruptHandler_LOW           bssCOMRAM    003F
_T0CONbits                          (abs)        0FD5
_T1CONbits                          (abs)        0FCD
_TMR0H                              (abs)        0FD7
_TMR0L                              (abs)        0FD6
_TMR0_ISR                           text24       2344
_TMR1H                              (abs)        0FCF
_TMR1L                              (abs)        0FCE
_TMR1_ISR                           text23       23E2
_TRISA                              (abs)        0F92
_TRISB                              (abs)        0F93
_TRISC                              (abs)        0F94
_TRISD                              (abs)        0F95
_TRISE                              (abs)        0F96
_Timer0_Init                        text18       1E50
_Timer0_InterruptHandler            bssCOMRAM    0039
_Timer0_Mode_Select                 text21       2050
_Timer0_Reg_Size                    text20       22D4
_Timer0_prescaler_config            text19       2186
_Timer1_InterruptHandler            bssCOMRAM    003D
__HRAM                              (abs)        0000
__H__absolute__                     __absolute__ 0000
__Habs1                             abs1         0000
__Hbank0                            bank0        0000
__Hbank1                            bank1        0000
__Hbank10                           bank10       0000
__Hbank11                           bank11       0000
__Hbank12                           bank12       0000
__Hbank13                           bank13       0000
__Hbank14                           bank14       0000
__Hbank15                           bank15       0000
__Hbank2                            bank2        0000
__Hbank3                            bank3        0000
__Hbank4                            bank4        0000
__Hbank5                            bank5        0000
__Hbank6                            bank6        0000
__Hbank7                            bank7        0000
__Hbank8                            bank8        0000
__Hbank9                            bank9        0000
__Hbigbss                           bigbss       0000
__Hbigdata                          bigdata      0000
__Hbigram                           bigram       0000
__Hbigsfr                           bigsfr       0000
__Hbss                              bss          0000
__HbssCOMRAM                        bssCOMRAM    0000
__Hcinit                            cinit        0000
__Hclrtext                          clrtext      0000
__Hcomram                           comram       0000
__Hconfig                           config       0000
__Hconst                            const        0000
__HcstackCOMRAM                     cstackCOMRAM 0000
__Hdata                             data         0000
__HdataBANK0                        dataBANK0    0000
__HdataCOMRAM                       dataCOMRAM   0000
__Heeprom_data                      eeprom_data  0000
__Hfarbss                           farbss       0000
__Hfardata                          fardata      0000
__Hheap                             heap         0000
__Hibigdata                         ibigdata     0000
__Hidata                            idata        0000
__HidataBANK0                       idataBANK0   0000
__HidataCOMRAM                      idataCOMRAM  0000
__Hidloc                            idloc        0000
__Hifardata                         ifardata     0000
__Hinit                             init         0012
__Hintcode                          intcode      000E
__Hintcode_body                     intcode_body 0000
__Hintcodelo                        intcodelo    000E
__Hintentry                         intentry     0000
__Hintret                           intret       0000
__Hintsave_regs                     intsave_regs 0000
__Hirdata                           irdata       0000
__Hmediumconst                      mediumconst  0000
__HnvCOMRAM                         nvCOMRAM     0000
__HnvFARRAM                         nvFARRAM     0000
__Hnvbit                            nvbit        0000
__Hnvrram                           nvrram       0000
__Hparam                            rparam       0000
__Hpowerup                          powerup      000E
__Hram                              ram          0000
__Hramtop                           ramtop       1000
__Hrbit                             rbit         0000
__Hrbss                             rbss         0000
__Hrdata                            rdata        0000
__Hreset_vec                        reset_vec    0004
__Hrparam                           rparam       0000
__Hsfr                              sfr          0000
__Hsmallconst                       smallconst   1038
__Hspace_0                          (abs)        2408
__Hspace_1                          (abs)        008A
__Hspace_2                          (abs)        0000
__Hspace_4                          (abs)        0000
__Hstack                            stack        0000
__Hstruct                           struct       0000
__Htemp                             temp         007B
__Htext                             text         0000
__Htext0                            text0        0000
__Htext1                            text1        0000
__Htext10                           text10       0000
__Htext11                           text11       0000
__Htext12                           text12       0000
__Htext13                           text13       0000
__Htext14                           text14       0000
__Htext15                           text15       0000
__Htext16                           text16       0000
__Htext17                           text17       0000
__Htext18                           text18       0000
__Htext19                           text19       0000
__Htext2                            text2        0000
__Htext20                           text20       0000
__Htext21                           text21       0000
__Htext23                           text23       0000
__Htext24                           text24       0000
__Htext25                           text25       0000
__Htext26                           text26       0000
__Htext27                           text27       0000
__Htext28                           text28       0000
__Htext29                           text29       0000
__Htext3                            text3        0000
__Htext30                           text30       0000
__Htext31                           text31       0000
__Htext32                           text32       0000
__Htext33                           text33       0000
__Htext4                            text4        0000
__Htext5                            text5        0000
__Htext6                            text6        0000
__Htext7                            text7        0000
__Htext8                            text8        0000
__Htext9                            text9        0000
__LRAM                              (abs)        0001
__L__absolute__                     __absolute__ 0000
__Labs1                             abs1         0000
__Lbank0                            bank0        0000
__Lbank1                            bank1        0000
__Lbank10                           bank10       0000
__Lbank11                           bank11       0000
__Lbank12                           bank12       0000
__Lbank13                           bank13       0000
__Lbank14                           bank14       0000
__Lbank15                           bank15       0000
__Lbank2                            bank2        0000
__Lbank3                            bank3        0000
__Lbank4                            bank4        0000
__Lbank5                            bank5        0000
__Lbank6                            bank6        0000
__Lbank7                            bank7        0000
__Lbank8                            bank8        0000
__Lbank9                            bank9        0000
__Lbigbss                           bigbss       0000
__Lbigdata                          bigdata      0000
__Lbigram                           bigram       0000
__Lbigsfr                           bigsfr       0000
__Lbss                              bss          0000
__LbssCOMRAM                        bssCOMRAM    0000
__Lcinit                            cinit        0000
__Lclrtext                          clrtext      0000
__Lcomram                           comram       0000
__Lconfig                           config       0000
__Lconst                            const        0000
__LcstackCOMRAM                     cstackCOMRAM 0000
__Ldata                             data         0000
__LdataBANK0                        dataBANK0    0000
__LdataCOMRAM                       dataCOMRAM   0000
__Leeprom_data                      eeprom_data  0000
__Lfarbss                           farbss       0000
__Lfardata                          fardata      0000
__Lheap                             heap         0000
__Libigdata                         ibigdata     0000
__Lidata                            idata        0000
__LidataBANK0                       idataBANK0   0000
__LidataCOMRAM                      idataCOMRAM  0000
__Lidloc                            idloc        0000
__Lifardata                         ifardata     0000
__Linit                             init         000E
__Lintcode                          intcode      0008
__Lintcode_body                     intcode_body 0000
__Lintcodelo                        intcodelo    000E
__Lintentry                         intentry     0000
__Lintret                           intret       0000
__Lintsave_regs                     intsave_regs 0000
__Lirdata                           irdata       0000
__Lmediumconst                      mediumconst  0000
__LnvCOMRAM                         nvCOMRAM     0000
__LnvFARRAM                         nvFARRAM     0000
__Lnvbit                            nvbit        0000
__Lnvrram                           nvrram       0000
__Lparam                            rparam       0000
__Lpowerup                          powerup      000E
__Lram                              ram          0000
__Lramtop                           ramtop       1000
__Lrbit                             rbit         0000
__Lrbss                             rbss         0000
__Lrdata                            rdata        0000
__Lreset_vec                        reset_vec    0000
__Lrparam                           rparam       0000
__Lsfr                              sfr          0000
__Lsmallconst                       smallconst   1000
__Lspace_0                          (abs)        0000
__Lspace_1                          (abs)        0000
__Lspace_2                          (abs)        0000
__Lspace_4                          (abs)        0000
__Lstack                            stack        0000
__Lstruct                           struct       0000
__Ltemp                             temp         007A
__Ltext                             text         0000
__Ltext0                            text0        0000
__Ltext1                            text1        0000
__Ltext10                           text10       0000
__Ltext11                           text11       0000
__Ltext12                           text12       0000
__Ltext13                           text13       0000
__Ltext14                           text14       0000
__Ltext15                           text15       0000
__Ltext16                           text16       0000
__Ltext17                           text17       0000
__Ltext18                           text18       0000
__Ltext19                           text19       0000
__Ltext2                            text2        0000
__Ltext20                           text20       0000
__Ltext21                           text21       0000
__Ltext23                           text23       0000
__Ltext24                           text24       0000
__Ltext25                           text25       0000
__Ltext26                           text26       0000
__Ltext27                           text27       0000
__Ltext28                           text28       0000
__Ltext29                           text29       0000
__Ltext3                            text3        0000
__Ltext30                           text30       0000
__Ltext31                           text31       0000
__Ltext32                           text32       0000
__Ltext33                           text33       0000
__Ltext4                            text4        0000
__Ltext5                            text5        0000
__Ltext6                            text6        0000
__Ltext7                            text7        0000
__Ltext8                            text8        0000
__Ltext9                            text9        0000
__S0                                (abs)        2408
__S1                                (abs)        008A
__S4                                (abs)        0000
__S5                                (abs)        0000
___awdiv                            text17       1AD0
___awdiv@counter                    cstackCOMRAM 0060
___awdiv@dividend                   cstackCOMRAM 005C
___awdiv@divisor                    cstackCOMRAM 005E
___awdiv@quotient                   cstackCOMRAM 0062
___awdiv@sign                       cstackCOMRAM 0061
___awmod                            text16       1CFC
___awmod@counter                    cstackCOMRAM 0060
___awmod@dividend                   cstackCOMRAM 005C
___awmod@divisor                    cstackCOMRAM 005E
___awmod@sign                       cstackCOMRAM 0061
___heap_hi                          (abs)        0000
___heap_lo                          (abs)        0000
___inthi_sp                         stack        0000
___inthi_stack_hi                   stack        0000
___inthi_stack_lo                   stack        0000
___intlo_sp                         stack        0000
___intlo_stack_hi                   stack        0000
___intlo_stack_lo                   stack        0000
___param_bank                       (abs)        0000
___rparam_used                      (abs)        0001
___sp                               stack        0000
___stack_hi                         stack        0000
___stack_lo                         stack        0000
__accesstop                         (abs)        0080
__activetblptr                      (abs)        0003
__end_of_INT0_ISR                   text32       2408
__end_of_INT1_ISR                   text31       2404
__end_of_INT2_ISR                   text30       2400
__end_of_InterruptManager           intcode_body 130E
__end_of_RB4_ISR                    text29       23E2
__end_of_RB5_ISR                    text28       23C8
__end_of_RB6_ISR                    text27       23AE
__end_of_RB7_ISR                    text26       2394
__end_of_TMR0_ISR                   text24       237A
__end_of_TMR1_ISR                   text23       23EE
__end_of_Timer0_Init                text18       1EDE
__end_of_Timer0_Mode_Select         text21       20C6
__end_of_Timer0_Reg_Size            text20       230E
__end_of_Timer0_prescaler_config    text19       21D8
__end_of___awdiv                    text17       1B94
__end_of___awmod                    text16       1DAC
__end_of__initialization            cinit        217C
__end_of_btn_values                 smallconst   1011
__end_of_gpio_pin_direction_init    text10       18E2
__end_of_gpio_pin_read_logic        text13       1E50
__end_of_gpio_pin_write_logic       text12       19F2
__end_of_gpio_port_direction_init   text15       22D4
__end_of_gpio_port_write_logic      text14       229A
__end_of_keypad_get_value           text11       1AD0
__end_of_keypad_init                text9        1F64
__end_of_lcd_8bit_init              text6        17BC
__end_of_lcd_8bit_send_char_data    text5        1FDA
__end_of_lcd_8bit_send_command      text7        2050
__end_of_lcd_8bit_send_enable       text8        2260
__end_of_lcd_8bit_send_string       text4        2130
__end_of_lcd_8bit_send_string_pos   text2        2222
__end_of_lcd_8bit_set_cursor        text3        1CFC
__end_of_main                       text0        156C
__end_of_seven_segment_init         text1        1C4C
__end_of_tmr0_isr                   text25       23FC
__initialization                    cinit        2130
__mediumconst                       mediumconst  0000
__pbssCOMRAM                        bssCOMRAM    0037
__pcinit                            cinit        2130
__pcstackCOMRAM                     cstackCOMRAM 0059
__pdataBANK0                        dataBANK0    0080
__pdataCOMRAM                       dataCOMRAM   0001
__pidataBANK0                       idataBANK0   23EE
__pidataCOMRAM                      idataCOMRAM  230E
__pintcode                          intcode      0008
__pintcode_body                     intcode_body 1038
__pnvCOMRAM                         nvCOMRAM     0079
__psmallconst                       smallconst   1000
__ptext0                            text0        130E
__ptext1                            text1        1B94
__ptext10                           text10       17BC
__ptext11                           text11       19F2
__ptext12                           text12       18E2
__ptext13                           text13       1DAC
__ptext14                           text14       2260
__ptext15                           text15       229A
__ptext16                           text16       1CFC
__ptext17                           text17       1AD0
__ptext18                           text18       1E50
__ptext19                           text19       2186
__ptext2                            text2        21D8
__ptext20                           text20       22D4
__ptext21                           text21       2050
__ptext23                           text23       23E2
__ptext24                           text24       2344
__ptext25                           text25       23F8
__ptext26                           text26       237A
__ptext27                           text27       2394
__ptext28                           text28       23AE
__ptext29                           text29       23C8
__ptext3                            text3        1C4C
__ptext30                           text30       23FC
__ptext31                           text31       2400
__ptext32                           text32       2404
__ptext33                           text33       0000
__ptext4                            text4        20C6
__ptext5                            text5        1F64
__ptext6                            text6        156C
__ptext7                            text7        1FDA
__ptext8                            text8        2222
__ptext9                            text9        1EDE
__ramtop                            ramtop       1000
__smallconst                        smallconst   1000
_btn_values                         smallconst   1001
_gpio_pin_direction_init            text10       17BC
_gpio_pin_read_logic                text13       1DAC
_gpio_pin_write_logic               text12       18E2
_gpio_port_direction_init           text15       229A
_gpio_port_write_logic              text14       2260
_hours                              bssCOMRAM    0055
_keybad_value                       bssCOMRAM    0058
_keypad_get_value                   text11       19F2
_keypad_init                        text9        1EDE
_keypad_obj                         dataCOMRAM   0023
_lat_reg                            dataCOMRAM   0001
_lcd_8bit_init                      text6        156C
_lcd_8bit_send_char_data            text5        1F64
_lcd_8bit_send_command              text7        1FDA
_lcd_8bit_send_enable               text8        2222
_lcd_8bit_send_string               text4        20C6
_lcd_8bit_send_string_pos           text2        21D8
_lcd_8bit_set_cursor                text3        1C4C
_lcd_obj                            dataCOMRAM   0019
_main                               text0        130E
_minutes                            bssCOMRAM    0056
_port_reg                           dataBANK0    0080
_ret                                nvCOMRAM     0079
_seconds                            bssCOMRAM    0057
_seven_seg_obj                      dataCOMRAM   0032
_seven_segment_init                 text1        1B94
_timer0_obj                         dataCOMRAM   002B
_timer0_preload                     bssCOMRAM    0037
_timer1_preload                     bssCOMRAM    003B
_tmr0_isr                           text25       23F8
_tris_reg                           dataCOMRAM   000B
btemp                               temp         007A
end_of_initialization               cinit        217C
gpio_pin_direction_init@_pin_config cstackCOMRAM 005C
gpio_pin_direction_init@ret         cstackCOMRAM 0062
gpio_pin_read_logic@_pin_config     cstackCOMRAM 005C
gpio_pin_read_logic@logic           cstackCOMRAM 005D
gpio_pin_read_logic@ret             cstackCOMRAM 0062
gpio_pin_write_logic@_pin_config    cstackCOMRAM 005C
gpio_pin_write_logic@logic          cstackCOMRAM 005D
gpio_pin_write_logic@ret            cstackCOMRAM 0063
gpio_port_direction_init@direction  cstackCOMRAM 005C
gpio_port_direction_init@port       cstackCOMRAM 005F
gpio_port_write_logic@logic         cstackCOMRAM 0064
gpio_port_write_logic@port          cstackCOMRAM 0067
int$flags                           temp         007A
int_func                            intcode_body 1038
intlevel0                           text         0000
intlevel1                           text         0000
intlevel2                           text         0000
intlevel3                           text         0000
isa$std                             (abs)        0001
isa$xinst                           (abs)        0000
keypad_get_value@c_counter          cstackCOMRAM 006B
keypad_get_value@col_logic          cstackCOMRAM 0068
keypad_get_value@keypad_obj         cstackCOMRAM 0064
keypad_get_value@l_counter          cstackCOMRAM 0069
keypad_get_value@r_counter          cstackCOMRAM 006A
keypad_get_value@ret                cstackCOMRAM 0067
keypad_get_value@value              cstackCOMRAM 0065
keypad_init@c_counter               cstackCOMRAM 0066
keypad_init@keypad_obj              cstackCOMRAM 0064
keypad_init@r_counter               cstackCOMRAM 0067
keypad_init@ret                     cstackCOMRAM 0065
lcd_8bit_init@lcd                   cstackCOMRAM 006C
lcd_8bit_init@ret                   cstackCOMRAM 006E
lcd_8bit_send_char_data@count       cstackCOMRAM 006B
lcd_8bit_send_char_data@data        cstackCOMRAM 0067
lcd_8bit_send_char_data@lcd         cstackCOMRAM 0066
lcd_8bit_send_char_data@ret         cstackCOMRAM 006A
lcd_8bit_send_command@command       cstackCOMRAM 0067
lcd_8bit_send_command@count         cstackCOMRAM 006B
lcd_8bit_send_command@lcd           cstackCOMRAM 0066
lcd_8bit_send_command@ret           cstackCOMRAM 006A
lcd_8bit_send_enable@lcd            cstackCOMRAM 0064
lcd_8bit_send_enable@ret            cstackCOMRAM 0065
lcd_8bit_send_string@lcd            cstackCOMRAM 006C
lcd_8bit_send_string@ret            cstackCOMRAM 006E
lcd_8bit_send_string@str            cstackCOMRAM 006D
lcd_8bit_send_string_pos@col        cstackCOMRAM 0074
lcd_8bit_send_string_pos@lcd        cstackCOMRAM 0072
lcd_8bit_send_string_pos@ret        cstackCOMRAM 0076
lcd_8bit_send_string_pos@row        cstackCOMRAM 0073
lcd_8bit_send_string_pos@str        cstackCOMRAM 0075
lcd_8bit_set_cursor@column          cstackCOMRAM 006E
lcd_8bit_set_cursor@lcd             cstackCOMRAM 006C
lcd_8bit_set_cursor@ret             cstackCOMRAM 0071
lcd_8bit_set_cursor@row             cstackCOMRAM 006D
seven_segment_init@ret              cstackCOMRAM 0065
seven_segment_init@seg              cstackCOMRAM 0064
stackhi                             (abs)        0000
stacklo                             (abs)        0000
start                               init         000E
start_initialization                cinit        2130
ttemp5                              temp         007B
ttemp6                              temp         007E
ttemp7                              temp         0082
wtemp8                              temp         007B


MODULE INFORMATION

Module		Function		Class		Link	Load	Size
MCAL_layer/Interrupt/mcal_interrupt_manager.c
		_InterruptManager		CODE           	0008	0000	732

MCAL_layer/Interrupt/mcal_interrupt_manager.c estimated size: 732

MCAL_layer/Interrupt/mcal_external_interrupt.c
		_RB4_ISR       		CODE           	23C8	0000	26
		_RB5_ISR       		CODE           	23AE	0000	26
		_RB6_ISR       		CODE           	2394	0000	26
		_RB7_ISR       		CODE           	237A	0000	26
		_INT0_ISR      		CODE           	2404	0000	4
		_INT1_ISR      		CODE           	2400	0000	4
		_INT2_ISR      		CODE           	23FC	0000	4

MCAL_layer/Interrupt/mcal_external_interrupt.c estimated size: 116

MCAL_layer/GPIO/hal_gpio.c
		_gpio_pin_write_logic		CODE           	18E2	0000	272
		_gpio_pin_direction_init		CODE           	17BC	0000	294
		_gpio_pin_read_logic		CODE           	1DAC	0000	164
		_gpio_port_direction_init		CODE           	229A	0000	58
		_gpio_port_write_logic		CODE           	2260	0000	58

MCAL_layer/GPIO/hal_gpio.c estimated size: 846

ECU_layer/LCD/ecu_lcd.c
		_lcd_8bit_send_enable		CODE           	2222	0000	62
		_lcd_8bit_set_cursor		CODE           	1C4C	0000	176
		_lcd_8bit_init 		CODE           	156C	0000	592
		_lcd_8bit_send_string		CODE           	20C6	0000	106
		_lcd_8bit_send_command		CODE           	1FDA	0000	118
		_lcd_8bit_send_string_pos		CODE           	21D8	0000	74
		_lcd_8bit_send_char_data		CODE           	1F64	0000	118

ECU_layer/LCD/ecu_lcd.c estimated size: 1246

MCAL_layer/TIMER1/hal_timer1.c
		_TMR1_ISR      		CODE           	23E2	0000	12

MCAL_layer/TIMER1/hal_timer1.c estimated size: 12

MCAL_layer/TIMER0/hal_timer0.c
		_Timer0_Init   		CODE           	1E50	0000	142
		_Timer0_prescaler_config		CODE           	2186	0000	82
		_Timer0_Reg_Size		CODE           	22D4	0000	58
		_Timer0_Mode_Select		CODE           	2050	0000	118
		_TMR0_ISR      		CODE           	2344	0000	54

MCAL_layer/TIMER0/hal_timer0.c estimated size: 454

ECU_layer/KEYPAD/ecu_keypad.c
		_keypad_init   		CODE           	1EDE	0000	134
		_keypad_get_value		CODE           	19F2	0000	222

ECU_layer/KEYPAD/ecu_keypad.c estimated size: 356

C:\Program Files\Microchip\xc8\v2.45\pic\sources\c99\common\awmod.c
		___awmod       		CODE           	1CFC	0000	176

C:\Program Files\Microchip\xc8\v2.45\pic\sources\c99\common\awmod.c estimated size: 176

ECU_layer/SEVEN_SEG/ecu_seven_seg.c
		_seven_segment_init		CODE           	1B94	0000	184

ECU_layer/SEVEN_SEG/ecu_seven_seg.c estimated size: 184

shared
		_btn_values    		SMALLCONST     	1001	0000	16
		__initialization		CODE           	2130	0000	76

shared estimated size: 92

application.c
		_tmr0_isr      		CODE           	23F8	0000	4
		_main          		CODE           	130E	0000	606

application.c estimated size: 610

C:\Program Files\Microchip\xc8\v2.45\pic\sources\c99\common\awdiv.c
		___awdiv       		CODE           	1AD0	0000	196

C:\Program Files\Microchip\xc8\v2.45\pic\sources\c99\common\awdiv.c estimated size: 196

