Microchip MPLAB XC8 Compiler V2.45

Linker command line:

-W-3 \
  --edf=C:\Program Files\Microchip\xc8\v2.45\pic\dat\20230818022343_en.msgs \
  -cn -h+dist/default/production\RTC.X.production.sym \
  --cmf=dist/default/production\RTC.X.production.cmf -z -Q18F4620 \
  -oC:\Users\laphouse\AppData\Local\Temp\xcBsi38.1\driver_tmp_3.o \
  --defsym=__MPLAB_BUILD=1 --fixupoverflow=error \
  -Mdist/default/production/RTC.X.production.map \
  --md=C:\Users\laphouse\AppData\Local\Temp\xcBsi38.1\driver_tmp_0.dat -E1 \
  -ver=XC8 Compiler --acfsm=1493 -ACODE=00h-0FFFFh -ACONST=00h-0FFFFh \
  -ASMALLCONST=01000h-010FFhx240 -AMEDIUMCONST=01000h-0FFFFh \
  -ACOMRAM=01h-07Fh -AABS1=00h-0F7Fh -ABIGRAM=01h-0F7Fh \
  -ARAM=080h-0FFh,0100h-01FFhx14,0F00h-0F7Fh -ABANK0=080h-0FFh \
  -ABANK1=0100h-01FFh -ABANK2=0200h-02FFh -ABANK3=0300h-03FFh \
  -ABANK4=0400h-04FFh -ABANK5=0500h-05FFh -ABANK6=0600h-06FFh \
  -ABANK7=0700h-07FFh -ABANK8=0800h-08FFh -ABANK9=0900h-09FFh \
  -ABANK10=0A00h-0AFFh -ABANK11=0B00h-0BFFh -ABANK12=0C00h-0CFFh \
  -ABANK13=0D00h-0DFFh -ABANK14=0E00h-0EFFh -ABANK15=0F00h-0F7Fh \
  -ASFR=0F80h-0FFFh -ABIGSFR=0F80h-0FFFh -ACONFIG=0300000h-030000Dh \
  -AIDLOC=0200000h-0200007h -AEEDATA=0F00000h-0F003FFh -peeprom_data=EEDATA \
  -preset_vec=00h,intcode=08h,intcodelo,powerup,init -pramtop=01000h \
  -psmallconst=SMALLCONST -pmediumconst=MEDIUMCONST -pconst=CONST \
  -AFARRAM=00h-00h \
  -prdata=COMRAM,nvrram=COMRAM,nvbit=COMRAM,rbss=COMRAM,rbit=COMRAM \
  -pfarbss=FARRAM,fardata=FARRAM,nvFARRAM=FARRAM \
  -pintsave_regs=BIGRAM,bigbss=BIGRAM,bigdata=BIGRAM -pbss=RAM \
  -pidata=CODE,irdata=CODE,ibigdata=CODE,ifardata=CODE -prparam=COMRAM \
  C:\Users\laphouse\AppData\Local\Temp\xcBsi38.1\driver_tmp_9.o \
  dist/default/production\RTC.X.production.o 

Object code version is 3.11

Machine type is 18F4620



                Name                               Link     Load   Length Selector   Space Scale
C:\Users\laphouse\AppData\Local\Temp\xcBsi38.1\driver_tmp_9.o
                init                                  E        E        4        4       0
                reset_vec                             0        0        4        0       0
dist/default/production\RTC.X.production.o
                intcode                               8        8        6        4       0
                temp                                 7C       7C        1        1       1
                smallconst                         1000     1000       8E      800       0
                text34                             2F1C     2F1C        4     174E       0
                text33                             2F18     2F18        4     174E       0
                text32                             2F14     2F14        4     174E       0
                text31                             2EEA     2EEA       1A     174E       0
                text30                             2ED0     2ED0       1A     174E       0
                text29                             2EB6     2EB6       1A     174E       0
                text28                             2E9C     2E9C       1A     174E       0
                text27                             2F10     2F10        4     174E       0
                text26                             2E14     2E14       36      847       0
                text25                             2F04     2F04        C     174E       0
                intcode_body                       1CE4     1CE4      2D6      847       0
                text23                             2B1A     2B1A       76      847       0
                text22                             2DDA     2DDA       3A      847       0
                text21                             2C50     2C50       52      847       0
                text20                             289E     289E       8E      847       0
                text19                             251E     251E       C4      847       0
                text18                             274A     274A       B0      847       0
                text17                             2DA0     2DA0       3A      847       0
                text16                             2D66     2D66       3A      847       0
                text15                             27FA     27FA       A4      847       0
                text14                             2330     2330      110      847       0
                text13                             2440     2440       DE      847       0
                text12                             220A     220A      126      847       0
                text11                             292C     292C       86      847       0
                text10                             2CEC     2CEC       3E      847       0
                text9                              2AA4     2AA4       76      847       0
                text8                              1FBA     1FBA      250      847       0
                text7                              2A2E     2A2E       76      847       0
                text6                              269A     269A       B0      847       0
                text5                              2D2A     2D2A       3C      847       0
                text4                              29B2     29B2       7C      847       0
                text3                              2B90     2B90       6A      847       0
                text2                              2CA2     2CA2       4A      847       0
                text1                              25E2     25E2       B8      847       0
                text0                              108E     108E      C56      847       0
                cstackCOMRAM                         55       55       26        1       1
                cstackBANK0                          A6       A6        2       80       1
                dataBANK0                            80       80       26       80       1
                dataCOMRAM                            1        1       2B        1       1
                bssCOMRAM                            2C       2C       29        1       1
                cinit                              2BFA     2BFA       56      847       0
                nvCOMRAM                             7B       7B        1        1       1
                idataBANK0                         2E75     2E75       26      847       0
                idataCOMRAM                        2E4A     2E4A       2B      847       0

TOTAL           Name                               Link     Load   Length     Space
        CLASS   CODE           
                intcode                               8        8        6         0
                init                                  E        E        4         0
                reset_vec                             0        0        4         0
                text34                             2F1C     2F1C        4         0
                text33                             2F18     2F18        4         0
                text32                             2F14     2F14        4         0
                text31                             2EEA     2EEA       1A         0
                text30                             2ED0     2ED0       1A         0
                text29                             2EB6     2EB6       1A         0
                text28                             2E9C     2E9C       1A         0
                text27                             2F10     2F10        4         0
                text26                             2E14     2E14       36         0
                text25                             2F04     2F04        C         0
                intcode_body                       1CE4     1CE4      2D6         0
                text23                             2B1A     2B1A       76         0
                text22                             2DDA     2DDA       3A         0
                text21                             2C50     2C50       52         0
                text20                             289E     289E       8E         0
                text19                             251E     251E       C4         0
                text18                             274A     274A       B0         0
                text17                             2DA0     2DA0       3A         0
                text16                             2D66     2D66       3A         0
                text15                             27FA     27FA       A4         0
                text14                             2330     2330      110         0
                text13                             2440     2440       DE         0
                text12                             220A     220A      126         0
                text11                             292C     292C       86         0
                text10                             2CEC     2CEC       3E         0
                text9                              2AA4     2AA4       76         0
                text8                              1FBA     1FBA      250         0
                text7                              2A2E     2A2E       76         0
                text6                              269A     269A       B0         0
                text5                              2D2A     2D2A       3C         0
                text4                              29B2     29B2       7C         0
                text3                              2B90     2B90       6A         0
                text2                              2CA2     2CA2       4A         0
                text1                              25E2     25E2       B8         0
                text0                              108E     108E      C56         0
                cinit                              2BFA     2BFA       56         0
                idataBANK0                         2E75     2E75       26         0
                idataCOMRAM                        2E4A     2E4A       2B         0

        CLASS   CONST          

        CLASS   SMALLCONST     
                smallconst                         1000     1000       8E         0

        CLASS   MEDIUMCONST    

        CLASS   COMRAM         
                temp                                 7C       7C        1         1
                cstackCOMRAM                         55       55       26         1
                dataCOMRAM                            1        1       2B         1
                bssCOMRAM                            2C       2C       29         1
                nvCOMRAM                             7B       7B        1         1

        CLASS   ABS1           

        CLASS   BIGRAM         

        CLASS   RAM            

        CLASS   BANK0          
                cstackBANK0                          A6       A6        2         1
                dataBANK0                            80       80       26         1

        CLASS   BANK1          

        CLASS   BANK2          

        CLASS   BANK3          

        CLASS   BANK4          

        CLASS   BANK5          

        CLASS   BANK6          

        CLASS   BANK7          

        CLASS   BANK8          

        CLASS   BANK9          

        CLASS   BANK10         

        CLASS   BANK11         

        CLASS   BANK12         

        CLASS   BANK13         

        CLASS   BANK14         

        CLASS   BANK15         

        CLASS   SFR            

        CLASS   BIGSFR         

        CLASS   CONFIG         

        CLASS   IDLOC          

        CLASS   EEDATA         

        CLASS   FARRAM         

        CLASS   HEAP           

        CLASS   STACK          



SEGMENTS        Name                           Load    Length   Top    Selector   Space  Class

                reset_vec                      000000  000004  000004         0       0  CODE    
                dataCOMRAM                     000001  00007C  00007D         1       1  COMRAM  
                intcode                        000008  00000A  000012         4       0  CODE    
                dataBANK0                      000080  000028  0000A8        80       1  BANK0   
                smallconst                     001000  00008E  00108E       800       0  SMALLCON
                text0                          00108E  001E0D  002E9B       847       0  CODE    
                text28                         002E9C  000084  002F20      174E       0  CODE    


UNUSED ADDRESS RANGES

        Name                Unused          Largest block    Delta
        BANK0            00A8-00FF             58
        BANK1            0100-01FF            100
        BANK10           0A00-0AFF            100
        BANK11           0B00-0BFF            100
        BANK12           0C00-0CFF            100
        BANK13           0D00-0DFF            100
        BANK14           0E00-0EFF            100
        BANK15           0F00-0F7F             80
        BANK2            0200-02FF            100
        BANK3            0300-03FF            100
        BANK4            0400-04FF            100
        BANK5            0500-05FF            100
        BANK6            0600-06FF            100
        BANK7            0700-07FF            100
        BANK8            0800-08FF            100
        BANK9            0900-09FF            100
        BIGRAM           007D-007F              3
                         00A8-0F7F            ED8
        BIGSFR           0F80-0FFF             80
        CODE             0004-0007              4
                         0012-0FFF            FEE
                         2E9B-2E9B              1
                         2F20-FFFF           D0E0
        COMRAM           007D-007F              3
        CONFIG           300000-30000D              E
        CONST            0004-0007              4
                         0012-0FFF            FEE
                         2E9B-2E9B              1
                         2F20-FFFF           D0E0
        EEDATA           F00000-F003FF            400
        IDLOC            200000-200007              8
        MEDIUMCONST      2E9B-2E9B              1
                         2F20-FFFF           D0E0
        RAM              00A8-0F7F            100
        SFR              0F80-0FFF             80
        SMALLCONST       2E9B-2E9B              1
                         2F20-FFFF            100

                                  Symbol Table

?___awdiv                            cstackCOMRAM 0058
?___awmod                            cstackCOMRAM 0058
RB4_ISR@RB4_Source                   cstackCOMRAM 0055
RB5_ISR@RB5_Source                   cstackCOMRAM 0055
RB6_ISR@RB6_Source                   cstackCOMRAM 0055
RB7_ISR@RB7_Source                   cstackCOMRAM 0055
Timer0_Init@ret                      cstackCOMRAM 005D
Timer0_Init@timer                    cstackCOMRAM 005A
Timer0_Mode_Select@timer             cstackCOMRAM 0058
Timer0_Reg_Size@timer                cstackCOMRAM 0058
Timer0_prescaler_config@timer        cstackCOMRAM 0058
_INT0_ISR                            text34       2F1C
_INT0_InterruptHandler               bssCOMRAM    0048
_INT1_ISR                            text33       2F18
_INT1_InterruptHandler               bssCOMRAM    0046
_INT2_ISR                            text32       2F14
_INT2_InterruptHandler               bssCOMRAM    0044
_INTCON2bits                         (abs)        0FF1
_INTCON3bits                         (abs)        0FF0
_INTCONbits                          (abs)        0FF2
_InterruptManager                    intcode      0008
_LATA                                (abs)        0F89
_LATB                                (abs)        0F8A
_LATC                                (abs)        0F8B
_LATD                                (abs)        0F8C
_LATE                                (abs)        0F8D
_PIE1bits                            (abs)        0F9D
_PIR1bits                            (abs)        0F9E
_PORTA                               (abs)        0F80
_PORTB                               (abs)        0F81
_PORTBbits                           (abs)        0F81
_PORTC                               (abs)        0F82
_PORTD                               (abs)        0F83
_PORTE                               (abs)        0F84
_RB4_Flag                            dataCOMRAM   0018
_RB4_ISR                             text31       2EEA
_RB4_InterruptHandler_HIGH           bssCOMRAM    0042
_RB4_InterruptHandler_LOW            bssCOMRAM    0040
_RB5_Flag                            dataCOMRAM   0017
_RB5_ISR                             text30       2ED0
_RB5_InterruptHandler_HIGH           bssCOMRAM    003E
_RB5_InterruptHandler_LOW            bssCOMRAM    003C
_RB6_Flag                            dataCOMRAM   0016
_RB6_ISR                             text29       2EB6
_RB6_InterruptHandler_HIGH           bssCOMRAM    003A
_RB6_InterruptHandler_LOW            bssCOMRAM    0038
_RB7_Flag                            dataCOMRAM   0015
_RB7_ISR                             text28       2E9C
_RB7_InterruptHandler_HIGH           bssCOMRAM    0036
_RB7_InterruptHandler_LOW            bssCOMRAM    0034
_T0CONbits                           (abs)        0FD5
_T1CONbits                           (abs)        0FCD
_TMR0H                               (abs)        0FD7
_TMR0L                               (abs)        0FD6
_TMR0_ISR                            text26       2E14
_TMR1H                               (abs)        0FCF
_TMR1L                               (abs)        0FCE
_TMR1_ISR                            text25       2F04
_TRISA                               (abs)        0F92
_TRISB                               (abs)        0F93
_TRISC                               (abs)        0F94
_TRISD                               (abs)        0F95
_TRISE                               (abs)        0F96
_Timer0_Init                         text20       289E
_Timer0_InterruptHandler             bssCOMRAM    002E
_Timer0_Mode_Select                  text23       2B1A
_Timer0_Reg_Size                     text22       2DDA
_Timer0_prescaler_config             text21       2C50
_Timer1_InterruptHandler             bssCOMRAM    0032
__HRAM                               (abs)        0000
__H__absolute__                      __absolute__ 0000
__Habs1                              abs1         0000
__Hbank0                             bank0        0000
__Hbank1                             bank1        0000
__Hbank10                            bank10       0000
__Hbank11                            bank11       0000
__Hbank12                            bank12       0000
__Hbank13                            bank13       0000
__Hbank14                            bank14       0000
__Hbank15                            bank15       0000
__Hbank2                             bank2        0000
__Hbank3                             bank3        0000
__Hbank4                             bank4        0000
__Hbank5                             bank5        0000
__Hbank6                             bank6        0000
__Hbank7                             bank7        0000
__Hbank8                             bank8        0000
__Hbank9                             bank9        0000
__Hbigbss                            bigbss       0000
__Hbigdata                           bigdata      0000
__Hbigram                            bigram       0000
__Hbigsfr                            bigsfr       0000
__Hbss                               bss          0000
__HbssCOMRAM                         bssCOMRAM    0000
__Hcinit                             cinit        0000
__Hclrtext                           clrtext      0000
__Hcomram                            comram       0000
__Hconfig                            config       0000
__Hconst                             const        0000
__HcstackBANK0                       cstackBANK0  0000
__HcstackCOMRAM                      cstackCOMRAM 0000
__Hdata                              data         0000
__HdataBANK0                         dataBANK0    0000
__HdataCOMRAM                        dataCOMRAM   0000
__Heeprom_data                       eeprom_data  0000
__Hfarbss                            farbss       0000
__Hfardata                           fardata      0000
__Hheap                              heap         0000
__Hibigdata                          ibigdata     0000
__Hidata                             idata        0000
__HidataBANK0                        idataBANK0   0000
__HidataCOMRAM                       idataCOMRAM  0000
__Hidloc                             idloc        0000
__Hifardata                          ifardata     0000
__Hinit                              init         0012
__Hintcode                           intcode      000E
__Hintcode_body                      intcode_body 0000
__Hintcodelo                         intcodelo    000E
__Hintentry                          intentry     0000
__Hintret                            intret       0000
__Hintsave_regs                      intsave_regs 0000
__Hirdata                            irdata       0000
__Hmediumconst                       mediumconst  0000
__HnvCOMRAM                          nvCOMRAM     0000
__HnvFARRAM                          nvFARRAM     0000
__Hnvbit                             nvbit        0000
__Hnvrram                            nvrram       0000
__Hparam                             rparam       0000
__Hpowerup                           powerup      000E
__Hram                               ram          0000
__Hramtop                            ramtop       1000
__Hrbit                              rbit         0000
__Hrbss                              rbss         0000
__Hrdata                             rdata        0000
__Hreset_vec                         reset_vec    0004
__Hrparam                            rparam       0000
__Hsfr                               sfr          0000
__Hsmallconst                        smallconst   108E
__Hspace_0                           (abs)        2F20
__Hspace_1                           (abs)        00A8
__Hspace_2                           (abs)        0000
__Hspace_4                           (abs)        0000
__Hstack                             stack        0000
__Hstruct                            struct       0000
__Htemp                              temp         007D
__Htext                              text         0000
__Htext0                             text0        0000
__Htext1                             text1        0000
__Htext10                            text10       0000
__Htext11                            text11       0000
__Htext12                            text12       0000
__Htext13                            text13       0000
__Htext14                            text14       0000
__Htext15                            text15       0000
__Htext16                            text16       0000
__Htext17                            text17       0000
__Htext18                            text18       0000
__Htext19                            text19       0000
__Htext2                             text2        0000
__Htext20                            text20       0000
__Htext21                            text21       0000
__Htext22                            text22       0000
__Htext23                            text23       0000
__Htext25                            text25       0000
__Htext26                            text26       0000
__Htext27                            text27       0000
__Htext28                            text28       0000
__Htext29                            text29       0000
__Htext3                             text3        0000
__Htext30                            text30       0000
__Htext31                            text31       0000
__Htext32                            text32       0000
__Htext33                            text33       0000
__Htext34                            text34       0000
__Htext35                            text35       0000
__Htext4                             text4        0000
__Htext5                             text5        0000
__Htext6                             text6        0000
__Htext7                             text7        0000
__Htext8                             text8        0000
__Htext9                             text9        0000
__LRAM                               (abs)        0001
__L__absolute__                      __absolute__ 0000
__Labs1                              abs1         0000
__Lbank0                             bank0        0000
__Lbank1                             bank1        0000
__Lbank10                            bank10       0000
__Lbank11                            bank11       0000
__Lbank12                            bank12       0000
__Lbank13                            bank13       0000
__Lbank14                            bank14       0000
__Lbank15                            bank15       0000
__Lbank2                             bank2        0000
__Lbank3                             bank3        0000
__Lbank4                             bank4        0000
__Lbank5                             bank5        0000
__Lbank6                             bank6        0000
__Lbank7                             bank7        0000
__Lbank8                             bank8        0000
__Lbank9                             bank9        0000
__Lbigbss                            bigbss       0000
__Lbigdata                           bigdata      0000
__Lbigram                            bigram       0000
__Lbigsfr                            bigsfr       0000
__Lbss                               bss          0000
__LbssCOMRAM                         bssCOMRAM    0000
__Lcinit                             cinit        0000
__Lclrtext                           clrtext      0000
__Lcomram                            comram       0000
__Lconfig                            config       0000
__Lconst                             const        0000
__LcstackBANK0                       cstackBANK0  0000
__LcstackCOMRAM                      cstackCOMRAM 0000
__Ldata                              data         0000
__LdataBANK0                         dataBANK0    0000
__LdataCOMRAM                        dataCOMRAM   0000
__Leeprom_data                       eeprom_data  0000
__Lfarbss                            farbss       0000
__Lfardata                           fardata      0000
__Lheap                              heap         0000
__Libigdata                          ibigdata     0000
__Lidata                             idata        0000
__LidataBANK0                        idataBANK0   0000
__LidataCOMRAM                       idataCOMRAM  0000
__Lidloc                             idloc        0000
__Lifardata                          ifardata     0000
__Linit                              init         000E
__Lintcode                           intcode      0008
__Lintcode_body                      intcode_body 0000
__Lintcodelo                         intcodelo    000E
__Lintentry                          intentry     0000
__Lintret                            intret       0000
__Lintsave_regs                      intsave_regs 0000
__Lirdata                            irdata       0000
__Lmediumconst                       mediumconst  0000
__LnvCOMRAM                          nvCOMRAM     0000
__LnvFARRAM                          nvFARRAM     0000
__Lnvbit                             nvbit        0000
__Lnvrram                            nvrram       0000
__Lparam                             rparam       0000
__Lpowerup                           powerup      000E
__Lram                               ram          0000
__Lramtop                            ramtop       1000
__Lrbit                              rbit         0000
__Lrbss                              rbss         0000
__Lrdata                             rdata        0000
__Lreset_vec                         reset_vec    0000
__Lrparam                            rparam       0000
__Lsfr                               sfr          0000
__Lsmallconst                        smallconst   1000
__Lspace_0                           (abs)        0000
__Lspace_1                           (abs)        0000
__Lspace_2                           (abs)        0000
__Lspace_4                           (abs)        0000
__Lstack                             stack        0000
__Lstruct                            struct       0000
__Ltemp                              temp         007C
__Ltext                              text         0000
__Ltext0                             text0        0000
__Ltext1                             text1        0000
__Ltext10                            text10       0000
__Ltext11                            text11       0000
__Ltext12                            text12       0000
__Ltext13                            text13       0000
__Ltext14                            text14       0000
__Ltext15                            text15       0000
__Ltext16                            text16       0000
__Ltext17                            text17       0000
__Ltext18                            text18       0000
__Ltext19                            text19       0000
__Ltext2                             text2        0000
__Ltext20                            text20       0000
__Ltext21                            text21       0000
__Ltext22                            text22       0000
__Ltext23                            text23       0000
__Ltext25                            text25       0000
__Ltext26                            text26       0000
__Ltext27                            text27       0000
__Ltext28                            text28       0000
__Ltext29                            text29       0000
__Ltext3                             text3        0000
__Ltext30                            text30       0000
__Ltext31                            text31       0000
__Ltext32                            text32       0000
__Ltext33                            text33       0000
__Ltext34                            text34       0000
__Ltext35                            text35       0000
__Ltext4                             text4        0000
__Ltext5                             text5        0000
__Ltext6                             text6        0000
__Ltext7                             text7        0000
__Ltext8                             text8        0000
__Ltext9                             text9        0000
__S0                                 (abs)        2F20
__S1                                 (abs)        00A8
__S4                                 (abs)        0000
__S5                                 (abs)        0000
___awdiv                             text19       251E
___awdiv@counter                     cstackCOMRAM 005C
___awdiv@dividend                    cstackCOMRAM 0058
___awdiv@divisor                     cstackCOMRAM 005A
___awdiv@quotient                    cstackCOMRAM 005E
___awdiv@sign                        cstackCOMRAM 005D
___awmod                             text18       274A
___awmod@counter                     cstackCOMRAM 005C
___awmod@dividend                    cstackCOMRAM 0058
___awmod@divisor                     cstackCOMRAM 005A
___awmod@sign                        cstackCOMRAM 005D
___heap_hi                           (abs)        0000
___heap_lo                           (abs)        0000
___inthi_sp                          stack        0000
___inthi_stack_hi                    stack        0000
___inthi_stack_lo                    stack        0000
___intlo_sp                          stack        0000
___intlo_stack_hi                    stack        0000
___intlo_stack_lo                    stack        0000
___param_bank                        (abs)        0000
___rparam_used                       (abs)        0001
___sp                                stack        0000
___stack_hi                          stack        0000
___stack_lo                          stack        0000
__accesstop                          (abs)        0080
__activetblptr                       (abs)        0003
__end_of_INT0_ISR                    text34       2F20
__end_of_INT1_ISR                    text33       2F1C
__end_of_INT2_ISR                    text32       2F18
__end_of_InterruptManager            intcode_body 1FBA
__end_of_RB4_ISR                     text31       2F04
__end_of_RB5_ISR                     text30       2EEA
__end_of_RB6_ISR                     text29       2ED0
__end_of_RB7_ISR                     text28       2EB6
__end_of_TMR0_ISR                    text26       2E4A
__end_of_TMR1_ISR                    text25       2F10
__end_of_Timer0_Init                 text20       292C
__end_of_Timer0_Mode_Select          text23       2B90
__end_of_Timer0_Reg_Size             text22       2E14
__end_of_Timer0_prescaler_config     text21       2CA2
__end_of___awdiv                     text19       25E2
__end_of___awmod                     text18       27FA
__end_of__initialization             cinit        2C46
__end_of_btn_values                  smallconst   1011
__end_of_gpio_pin_direction_init     text12       2330
__end_of_gpio_pin_read_logic         text15       289E
__end_of_gpio_pin_write_logic        text14       2440
__end_of_gpio_port_direction_init    text17       2DDA
__end_of_gpio_port_write_logic       text16       2DA0
__end_of_heart                       smallconst   1019
__end_of_keypad_get_value            text13       251E
__end_of_keypad_init                 text11       29B2
__end_of_lcd_8bit_init               text8        220A
__end_of_lcd_8bit_send_char_data     text7        2AA4
__end_of_lcd_8bit_send_char_data_pos text5        2D66
__end_of_lcd_8bit_send_command       text9        2B1A
__end_of_lcd_8bit_send_custom_char   text4        2A2E
__end_of_lcd_8bit_send_enable        text10       2D2A
__end_of_lcd_8bit_send_string        text3        2BFA
__end_of_lcd_8bit_send_string_pos    text2        2CEC
__end_of_lcd_8bit_set_cursor         text6        274A
__end_of_main                        text0        1CE4
__end_of_seven_segment_init          text1        269A
__end_of_smile                       smallconst   1021
__end_of_tmr0_isr                    text27       2F14
__initialization                     cinit        2BFA
__mediumconst                        mediumconst  0000
__pbssCOMRAM                         bssCOMRAM    002C
__pcinit                             cinit        2BFA
__pcstackBANK0                       cstackBANK0  00A6
__pcstackCOMRAM                      cstackCOMRAM 0055
__pdataBANK0                         dataBANK0    0080
__pdataCOMRAM                        dataCOMRAM   0001
__pidataBANK0                        idataBANK0   2E75
__pidataCOMRAM                       idataCOMRAM  2E4A
__pintcode                           intcode      0008
__pintcode_body                      intcode_body 1CE4
__pnvCOMRAM                          nvCOMRAM     007B
__psmallconst                        smallconst   1000
__ptext0                             text0        108E
__ptext1                             text1        25E2
__ptext10                            text10       2CEC
__ptext11                            text11       292C
__ptext12                            text12       220A
__ptext13                            text13       2440
__ptext14                            text14       2330
__ptext15                            text15       27FA
__ptext16                            text16       2D66
__ptext17                            text17       2DA0
__ptext18                            text18       274A
__ptext19                            text19       251E
__ptext2                             text2        2CA2
__ptext20                            text20       289E
__ptext21                            text21       2C50
__ptext22                            text22       2DDA
__ptext23                            text23       2B1A
__ptext25                            text25       2F04
__ptext26                            text26       2E14
__ptext27                            text27       2F10
__ptext28                            text28       2E9C
__ptext29                            text29       2EB6
__ptext3                             text3        2B90
__ptext30                            text30       2ED0
__ptext31                            text31       2EEA
__ptext32                            text32       2F14
__ptext33                            text33       2F18
__ptext34                            text34       2F1C
__ptext35                            text35       0000
__ptext4                             text4        29B2
__ptext5                             text5        2D2A
__ptext6                             text6        269A
__ptext7                             text7        2A2E
__ptext8                             text8        1FBA
__ptext9                             text9        2AA4
__ramtop                             ramtop       1000
__smallconst                         smallconst   1000
_btn_values                          smallconst   1001
_first_digit                         bssCOMRAM    004D
_gpio_pin_direction_init             text12       220A
_gpio_pin_read_logic                 text15       27FA
_gpio_pin_write_logic                text14       2330
_gpio_port_direction_init            text17       2DA0
_gpio_port_write_logic               text16       2D66
_heart                               smallconst   1011
_hours                               bssCOMRAM    004F
_keybad_value                        dataCOMRAM   002B
_keypad_get_value                    text13       2440
_keypad_init                         text11       292C
_keypad_obj                          dataCOMRAM   0023
_lat_reg                             dataCOMRAM   0001
_lcd_8bit_init                       text8        1FBA
_lcd_8bit_send_char_data             text7        2A2E
_lcd_8bit_send_char_data_pos         text5        2D2A
_lcd_8bit_send_command               text9        2AA4
_lcd_8bit_send_custom_char           text4        29B2
_lcd_8bit_send_enable                text10       2CEC
_lcd_8bit_send_string                text3        2B90
_lcd_8bit_send_string_pos            text2        2CA2
_lcd_8bit_set_cursor                 text6        269A
_lcd_obj                             dataCOMRAM   0019
_main                                text0        108E
_minutes                             bssCOMRAM    0051
_port_reg                            dataBANK0    0090
_pressed                             bssCOMRAM    004A
_ret                                 nvCOMRAM     007B
_retpad                              bssCOMRAM    0054
_second_digit                        bssCOMRAM    004C
_seconds                             bssCOMRAM    0053
_seven_seg_obj                       dataBANK0    00A1
_seven_segment_init                  text1        25E2
_smile                               smallconst   1019
_temp_hours                          bssCOMRAM    004E
_temp_minutes                        bssCOMRAM    0050
_temp_seconeds                       bssCOMRAM    0052
_timer0_obj                          dataBANK0    009A
_timer0_preload                      bssCOMRAM    002C
_timer1_preload                      bssCOMRAM    0030
_tmr0_isr                            text27       2F10
_tris_reg                            dataCOMRAM   000B
_value                               bssCOMRAM    004B
btemp                                temp         007C
end_of_initialization                cinit        2C46
gpio_pin_direction_init@_pin_config  cstackCOMRAM 0058
gpio_pin_direction_init@ret          cstackCOMRAM 005E
gpio_pin_read_logic@_pin_config      cstackCOMRAM 0058
gpio_pin_read_logic@logic            cstackCOMRAM 0059
gpio_pin_read_logic@ret              cstackCOMRAM 005E
gpio_pin_write_logic@_pin_config     cstackCOMRAM 0058
gpio_pin_write_logic@logic           cstackCOMRAM 0059
gpio_pin_write_logic@ret             cstackCOMRAM 005F
gpio_port_direction_init@direction   cstackCOMRAM 0058
gpio_port_direction_init@port        cstackCOMRAM 005B
gpio_port_write_logic@logic          cstackCOMRAM 0060
gpio_port_write_logic@port           cstackCOMRAM 0063
int$flags                            temp         007C
int_func                             intcode_body 1CE4
intlevel0                            text         0000
intlevel1                            text         0000
intlevel2                            text         0000
intlevel3                            text         0000
isa$std                              (abs)        0001
isa$xinst                            (abs)        0000
keypad_get_value@c_counter           cstackCOMRAM 0066
keypad_get_value@col_logic           cstackCOMRAM 0063
keypad_get_value@keypad_obj          cstackCOMRAM 0060
keypad_get_value@l_counter           cstackCOMRAM 0064
keypad_get_value@r_counter           cstackCOMRAM 0065
keypad_get_value@value               cstackCOMRAM 0061
keypad_init@c_counter                cstackCOMRAM 0062
keypad_init@keypad_obj               cstackCOMRAM 0060
keypad_init@r_counter                cstackCOMRAM 0063
keypad_init@ret                      cstackCOMRAM 0061
keypad_u8check_press@F3072           dataBANK0    0080
lcd_8bit_init@lcd                    cstackCOMRAM 0068
lcd_8bit_init@ret                    cstackCOMRAM 006A
lcd_8bit_send_char_data@count        cstackCOMRAM 0067
lcd_8bit_send_char_data@data         cstackCOMRAM 0063
lcd_8bit_send_char_data@lcd          cstackCOMRAM 0062
lcd_8bit_send_char_data@ret          cstackCOMRAM 0066
lcd_8bit_send_char_data_pos@col      cstackCOMRAM 0070
lcd_8bit_send_char_data_pos@data     cstackCOMRAM 0071
lcd_8bit_send_char_data_pos@lcd      cstackCOMRAM 006E
lcd_8bit_send_char_data_pos@ret      cstackCOMRAM 0072
lcd_8bit_send_char_data_pos@row      cstackCOMRAM 006F
lcd_8bit_send_command@command        cstackCOMRAM 0063
lcd_8bit_send_command@count          cstackCOMRAM 0067
lcd_8bit_send_command@lcd            cstackCOMRAM 0062
lcd_8bit_send_command@ret            cstackCOMRAM 0066
lcd_8bit_send_custom_char@_char      cstackCOMRAM 0076
lcd_8bit_send_custom_char@col        cstackCOMRAM 0075
lcd_8bit_send_custom_char@count      cstackCOMRAM 007A
lcd_8bit_send_custom_char@lcd        cstackCOMRAM 0073
lcd_8bit_send_custom_char@mem_pos    cstackCOMRAM 0077
lcd_8bit_send_custom_char@ret        cstackCOMRAM 0079
lcd_8bit_send_custom_char@row        cstackCOMRAM 0074
lcd_8bit_send_enable@lcd             cstackCOMRAM 0060
lcd_8bit_send_enable@ret             cstackCOMRAM 0061
lcd_8bit_send_string@lcd             cstackCOMRAM 0068
lcd_8bit_send_string@ret             cstackCOMRAM 006A
lcd_8bit_send_string@str             cstackCOMRAM 0069
lcd_8bit_send_string_pos@col         cstackCOMRAM 0070
lcd_8bit_send_string_pos@lcd         cstackCOMRAM 006E
lcd_8bit_send_string_pos@ret         cstackCOMRAM 0072
lcd_8bit_send_string_pos@row         cstackCOMRAM 006F
lcd_8bit_send_string_pos@str         cstackCOMRAM 0071
lcd_8bit_set_cursor@column           cstackCOMRAM 006A
lcd_8bit_set_cursor@lcd              cstackCOMRAM 0068
lcd_8bit_set_cursor@ret              cstackCOMRAM 006D
lcd_8bit_set_cursor@row              cstackCOMRAM 0069
seven_segment_init@ret               cstackCOMRAM 0061
seven_segment_init@seg               cstackCOMRAM 0060
stackhi                              (abs)        0000
stacklo                              (abs)        0000
start                                init         000E
start_initialization                 cinit        2BFA
ttemp5                               temp         007D
ttemp6                               temp         0080
ttemp7                               temp         0084
wtemp8                               temp         007D


MODULE INFORMATION

Module		Function		Class		Link	Load	Size
MCAL_layer/Interrupt/mcal_interrupt_manager.c
		_InterruptManager		CODE           	0008	0000	732

MCAL_layer/Interrupt/mcal_interrupt_manager.c estimated size: 732

MCAL_layer/Interrupt/mcal_external_interrupt.c
		_RB4_ISR       		CODE           	2EEA	0000	26
		_RB5_ISR       		CODE           	2ED0	0000	26
		_RB6_ISR       		CODE           	2EB6	0000	26
		_RB7_ISR       		CODE           	2E9C	0000	26
		_INT0_ISR      		CODE           	2F1C	0000	4
		_INT1_ISR      		CODE           	2F18	0000	4
		_INT2_ISR      		CODE           	2F14	0000	4

MCAL_layer/Interrupt/mcal_external_interrupt.c estimated size: 116

MCAL_layer/GPIO/hal_gpio.c
		_gpio_pin_write_logic		CODE           	2330	0000	272
		_gpio_pin_direction_init		CODE           	220A	0000	294
		_gpio_pin_read_logic		CODE           	27FA	0000	164
		_gpio_port_direction_init		CODE           	2DA0	0000	58
		_gpio_port_write_logic		CODE           	2D66	0000	58

MCAL_layer/GPIO/hal_gpio.c estimated size: 846

ECU_layer/LCD/ecu_lcd.c
		_lcd_8bit_send_enable		CODE           	2CEC	0000	62
		_lcd_8bit_send_char_data_pos		CODE           	2D2A	0000	60
		_lcd_8bit_set_cursor		CODE           	269A	0000	176
		_lcd_8bit_send_custom_char		CODE           	29B2	0000	124
		_lcd_8bit_init 		CODE           	1FBA	0000	592
		_lcd_8bit_send_string		CODE           	2B90	0000	106
		_lcd_8bit_send_command		CODE           	2AA4	0000	118
		_lcd_8bit_send_string_pos		CODE           	2CA2	0000	74
		_lcd_8bit_send_char_data		CODE           	2A2E	0000	118

ECU_layer/LCD/ecu_lcd.c estimated size: 1430

MCAL_layer/TIMER1/hal_timer1.c
		_TMR1_ISR      		CODE           	2F04	0000	12

MCAL_layer/TIMER1/hal_timer1.c estimated size: 12

MCAL_layer/TIMER0/hal_timer0.c
		_Timer0_Init   		CODE           	289E	0000	142
		_Timer0_prescaler_config		CODE           	2C50	0000	82
		_Timer0_Reg_Size		CODE           	2DDA	0000	58
		_Timer0_Mode_Select		CODE           	2B1A	0000	118
		_TMR0_ISR      		CODE           	2E14	0000	54

MCAL_layer/TIMER0/hal_timer0.c estimated size: 454

ECU_layer/KEYPAD/ecu_keypad.c
		_keypad_init   		CODE           	292C	0000	134
		_keypad_get_value		CODE           	2440	0000	222

ECU_layer/KEYPAD/ecu_keypad.c estimated size: 356

C:\Program Files\Microchip\xc8\v2.45\pic\sources\c99\common\awmod.c
		___awmod       		CODE           	274A	0000	176

C:\Program Files\Microchip\xc8\v2.45\pic\sources\c99\common\awmod.c estimated size: 176

ECU_layer/SEVEN_SEG/ecu_seven_seg.c
		_seven_segment_init		CODE           	25E2	0000	184

ECU_layer/SEVEN_SEG/ecu_seven_seg.c estimated size: 184

shared
		_heart         		SMALLCONST     	1011	0000	8
		_btn_values    		SMALLCONST     	1001	0000	16
		__initialization		CODE           	2BFA	0000	76
		_smile         		SMALLCONST     	1019	0000	8

shared estimated size: 108

application.c
		_tmr0_isr      		CODE           	2F10	0000	4
		_main          		CODE           	108E	0000	3158

application.c estimated size: 3162

C:\Program Files\Microchip\xc8\v2.45\pic\sources\c99\common\awdiv.c
		___awdiv       		CODE           	251E	0000	196

C:\Program Files\Microchip\xc8\v2.45\pic\sources\c99\common\awdiv.c estimated size: 196

